Requirement already satisfied: fastapi==0.115.5 in .\.venv\Lib\site-packages (0.115.5)
Requirement already satisfied: sqlalchemy==2.0.36 in .\.venv\Lib\site-packages (2.0.36)
Collecting pydantic-settings==2.6.1
  Using cached pydantic_settings-2.6.1-py3-none-any.whl.metadata (3.5 kB)
Collecting slowapi==0.1.9
  Using cached slowapi-0.1.9-py3-none-any.whl.metadata (3.0 kB)
Requirement already satisfied: python-jose==3.3.0 in .\.venv\Lib\site-packages (from python-jose[cryptography]==3.3.0) (3.3.0)
Requirement already satisfied: passlib==1.7.4 in .\.venv\Lib\site-packages (from passlib[bcrypt]==1.7.4) (1.7.4)
Collecting cryptography==43.0.3
  Using cached cryptography-43.0.3-cp39-abi3-win_amd64.whl.metadata (5.4 kB)
Collecting croniter==3.0.3
  Using cached croniter-3.0.3-py2.py3-none-any.whl.metadata (28 kB)
Collecting uvicorn==0.32.1 (from uvicorn[standard]==0.32.1)
  Using cached uvicorn-0.32.1-py3-none-any.whl.metadata (6.6 kB)
Requirement already satisfied: starlette<0.42.0,>=0.40.0 in .\.venv\Lib\site-packages (from fastapi==0.115.5) (0.41.3)
Requirement already satisfied: pydantic!=1.8,!=1.8.1,!=2.0.0,!=2.0.1,!=2.1.0,<3.0.0,>=1.7.4 in .\.venv\Lib\site-packages (from fastapi==0.115.5) (2.13.4)
Requirement already satisfied: typing-extensions>=4.8.0 in .\.venv\Lib\site-packages (from fastapi==0.115.5) (4.16.0)
Requirement already satisfied: greenlet!=0.4.17 in .\.venv\Lib\site-packages (from sqlalchemy==2.0.36) (3.5.5)
Requirement already satisfied: python-dotenv>=0.21.0 in .\.venv\Lib\site-packages (from pydantic-settings==2.6.1) (1.2.2)
Requirement already satisfied: limits>=2.3 in .\.venv\Lib\site-packages (from slowapi==0.1.9) (5.8.0)
Requirement already satisfied: ecdsa!=0.15 in .\.venv\Lib\site-packages (from python-jose==3.3.0->python-jose[cryptography]==3.3.0) (0.19.2)
Requirement already satisfied: rsa in .\.venv\Lib\site-packages (from python-jose==3.3.0->python-jose[cryptography]==3.3.0) (4.9.1)
Requirement already satisfied: pyasn1 in .\.venv\Lib\site-packages (from python-jose==3.3.0->python-jose[cryptography]==3.3.0) (0.6.4)
Requirement already satisfied: cffi>=1.12 in .\.venv\Lib\site-packages (from cryptography==43.0.3) (2.1.1)
Requirement already satisfied: python-dateutil in .\.venv\Lib\site-packages (from croniter==3.0.3) (2.9.0.post0)
Requirement already satisfied: pytz>2021.1 in .\.venv\Lib\site-packages (from croniter==3.0.3) (2026.3.post1)
Collecting click>=7.0 (from uvicorn==0.32.1->uvicorn[standard]==0.32.1)
  Using cached click-8.4.2-py3-none-any.whl.metadata (2.6 kB)
Collecting h11>=0.8 (from uvicorn==0.32.1->uvicorn[standard]==0.32.1)
  Using cached h11-0.16.0-py3-none-any.whl.metadata (8.3 kB)
Requirement already satisfied: bcrypt>=3.1.0 in .\.venv\Lib\site-packages (from passlib[bcrypt]==1.7.4) (5.0.0)
Collecting colorama>=0.4 (from uvicorn[standard]==0.32.1)
  Downloading colorama-0.4.6-py2.py3-none-any.whl.metadata (17 kB)
Collecting httptools>=0.6.3 (from uvicorn[standard]==0.32.1)
  Using cached httptools-0.8.0-cp312-cp312-win_amd64.whl.metadata (3.7 kB)
Collecting pyyaml>=5.1 (from uvicorn[standard]==0.32.1)
  Using cached pyyaml-6.0.3-cp312-cp312-win_amd64.whl.metadata (2.4 kB)
Collecting watchfiles>=0.13 (from uvicorn[standard]==0.32.1)
  Using cached watchfiles-1.2.0-cp312-cp312-win_amd64.whl.metadata (5.0 kB)
Collecting websockets>=10.4 (from uvicorn[standard]==0.32.1)
  Using cached websockets-17.0.1-cp312-cp312-win_amd64.whl.metadata (6.5 kB)
Requirement already satisfied: annotated-types>=0.6.0 in .\.venv\Lib\site-packages (from pydantic!=1.8,!=1.8.1,!=2.0.0,!=2.0.1,!=2.1.0,<3.0.0,>=1.7.4->fastapi==0.115.5) (0.8.0)
Requirement already satisfied: pydantic-core==2.46.4 in .\.venv\Lib\site-packages (from pydantic!=1.8,!=1.8.1,!=2.0.0,!=2.0.1,!=2.1.0,<3.0.0,>=1.7.4->fastapi==0.115.5) (2.46.4)
Requirement already satisfied: typing-inspection>=0.4.2 in .\.venv\Lib\site-packages (from pydantic!=1.8,!=1.8.1,!=2.0.0,!=2.0.1,!=2.1.0,<3.0.0,>=1.7.4->fastapi==0.115.5) (0.4.4)
Requirement already satisfied: anyio<5,>=3.4.0 in .\.venv\Lib\site-packages (from starlette<0.42.0,>=0.40.0->fastapi==0.115.5) (4.14.2)
Requirement already satisfied: idna>=2.8 in .\.venv\Lib\site-packages (from anyio<5,>=3.4.0->starlette<0.42.0,>=0.40.0->fastapi==0.115.5) (3.18)
Requirement already satisfied: pycparser in .\.venv\Lib\site-packages (from cffi>=1.12->cryptography==43.0.3) (3.0)
Requirement already satisfied: six>=1.9.0 in .\.venv\Lib\site-packages (from ecdsa!=0.15->python-jose==3.3.0->python-jose[cryptography]==3.3.0) (1.17.0)
Requirement already satisfied: deprecated>=1.2 in .\.venv\Lib\site-packages (from limits>=2.3->slowapi==0.1.9) (1.3.1)
Requirement already satisfied: packaging>=21 in .\.venv\Lib\site-packages (from limits>=2.3->slowapi==0.1.9) (26.3)
Requirement already satisfied: wrapt<3,>=1.10 in .\.venv\Lib\site-packages (from deprecated>=1.2->limits>=2.3->slowapi==0.1.9) (2.3.0)
Using cached pydantic_settings-2.6.1-py3-none-any.whl (28 kB)
Using cached slowapi-0.1.9-py3-none-any.whl (14 kB)
Using cached cryptography-43.0.3-cp39-abi3-win_amd64.whl (3.1 MB)
Using cached croniter-3.0.3-py2.py3-none-any.whl (22 kB)
Downloading uvicorn-0.32.1-py3-none-any.whl (63 kB)
Downloading click-8.4.2-py3-none-any.whl (119 kB)
Downloading colorama-0.4.6-py2.py3-none-any.whl (25 kB)
Downloading h11-0.16.0-py3-none-any.whl (37 kB)
Downloading httptools-0.8.0-cp312-cp312-win_amd64.whl (90 kB)
Downloading pyyaml-6.0.3-cp312-cp312-win_amd64.whl (154 kB)
Downloading watchfiles-1.2.0-cp312-cp312-win_amd64.whl (288 kB)
Downloading websockets-17.0.1-cp312-cp312-win_amd64.whl (213 kB)
Installing collected packages: websockets, pyyaml, httptools, h11, colorama, watchfiles, cryptography, croniter, click, uvicorn, slowapi, pydantic-settings

Successfully installed click-8.4.2 colorama-0.4.6 croniter-3.0.3 cryptography-43.0.3 h11-0.16.0 httptools-0.8.0 pydantic-settings-2.6.1 pyyaml-6.0.3 slowapi-0.1.9 uvicorn-0.32.1 watchfiles-1.2.0 websockets-17.0.1
